10:05:34 **** Incremental Build of configuration Debug for project HAL_UART-2 ****
make -j4 all 
arm-none-eabi-size  HAL_UART-2.elf 
   text	   data	    bss	    dec	    hex	filename
  11820	     12	   1748	  13580	   350c	HAL_UART-2.elf
Finished building: default.size.stdout
 
10:05:57 **** Incremental Build of configuration Debug for project HAL_UART-2 ****
make -j4 all 
arm-none-eabi-size  HAL_UART-2.elf 
   text	   data	    bss	    dec	    hex	filename
  11820	     12	   1748	  13580	   350c	HAL_UART-2.elf
Finished building: default.size.stdout
 
