10:39:06 **** Incremental Build of configuration Debug for project Que 2 ****
make -j4 all 
arm-none-eabi-gcc "../Core/Src/main.c" -mcpu=cortex-m4 -std=gnu11 -g3 -DDEBUG -DUSE_HAL_DRIVER -DSTM32F407xx -c -I../Core/Inc -I../Drivers/STM32F4xx_HAL_Driver/Inc -I../Drivers/STM32F4xx_HAL_Driver/Inc/Legacy -I../Drivers/CMSIS/Device/ST/STM32F4xx/Include -I../Drivers/CMSIS/Include -O0 -ffunction-sections -fdata-sections -Wall -fstack-usage -fcyclomatic-complexity -MMD -MP -MF"Core/Src/main.d" -MT"Core/Src/main.o" --specs=nano.specs -mfpu=fpv4-sp-d16 -mfloat-abi=hard -mthumb -o "Core/Src/main.o"
arm-none-eabi-gcc -o "Que 2.elf" @"objects.list"   -mcpu=cortex-m4 -T"C:\Users\eZee1\Desktop\Git\ARM_94175_Anjali\ARM_94175_AnjaliYesugade\Assignment 6\Que 2\STM32F407VGTX_FLASH.ld" --specs=nosys.specs -Wl,-Map="Que 2.map" -Wl,--gc-sections -static --specs=nano.specs -mfpu=fpv4-sp-d16 -mfloat-abi=hard -mthumb -Wl,--start-group -lc -lm -Wl,--end-group
Finished building target: Que 2.elf
 
arm-none-eabi-size  Que\ 2.elf 
arm-none-eabi-objdump -h -S Que\ 2.elf  > "Que 2.list"
   text	   data	    bss	    dec	    hex	filename
  13100	    104	   2088	  15292	   3bbc	Que 2.elf
Finished building: default.size.stdout
 
Finished building: Que 2.list
 
10:39:31 **** Incremental Build of configuration Debug for project Que 2 ****
make -j4 all 
arm-none-eabi-size  Que\ 2.elf 
   text	   data	    bss	    dec	    hex	filename
  13100	    104	   2088	  15292	   3bbc	Que 2.elf
Finished building: default.size.stdout
 
