12:10:18 **** Incremental Build of configuration Debug for project Buzzer UART ****
make -j4 all 
arm-none-eabi-gcc "../Core/Src/main.c" -mcpu=cortex-m4 -std=gnu11 -g3 -DDEBUG -DUSE_HAL_DRIVER -DSTM32F407xx -c -I../Core/Inc -I../Drivers/STM32F4xx_HAL_Driver/Inc -I../Drivers/STM32F4xx_HAL_Driver/Inc/Legacy -I../Drivers/CMSIS/Device/ST/STM32F4xx/Include -I../Drivers/CMSIS/Include -O0 -ffunction-sections -fdata-sections -Wall -fstack-usage -fcyclomatic-complexity -MMD -MP -MF"Core/Src/main.d" -MT"Core/Src/main.o" --specs=nano.specs -mfpu=fpv4-sp-d16 -mfloat-abi=hard -mthumb -o "Core/Src/main.o"
arm-none-eabi-gcc -o "Buzzer UART.elf" @"objects.list"   -mcpu=cortex-m4 -T"C:\Users\eZee1\Desktop\Git\ARM_94175_Anjali\ARM_94175_AnjaliYesugade\Buzzer\Buzzer UART\STM32F407VGTX_FLASH.ld" --specs=nosys.specs -Wl,-Map="Buzzer UART.map" -Wl,--gc-sections -static --specs=nano.specs -mfpu=fpv4-sp-d16 -mfloat-abi=hard -mthumb -Wl,--start-group -lc -lm -Wl,--end-group
Finished building target: Buzzer UART.elf
 
arm-none-eabi-size  Buzzer\ UART.elf 
arm-none-eabi-objdump -h -S Buzzer\ UART.elf  > "Buzzer UART.list"
   text	   data	    bss	    dec	    hex	filename
  13056	    104	   2088	  15248	   3b90	Buzzer UART.elf
Finished building: default.size.stdout
 
Finished building: Buzzer UART.list
 
12:10:50 **** Incremental Build of configuration Debug for project Buzzer UART ****
make -j4 all 
arm-none-eabi-size  Buzzer\ UART.elf 
   text	   data	    bss	    dec	    hex	filename
  13056	    104	   2088	  15248	   3b90	Buzzer UART.elf
Finished building: default.size.stdout
 
12:12:39 **** Incremental Build of configuration Debug for project Buzzer UART ****
make -j4 all 
arm-none-eabi-size  Buzzer\ UART.elf 
   text	   data	    bss	    dec	    hex	filename
  13056	    104	   2088	  15248	   3b90	Buzzer UART.elf
Finished building: default.size.stdout
 
